Running from: /workspaces/onet-gaming-terraform/jenkins.war
webroot: /home/codespace/.jenkins/war
2025-08-25 14:48:41.398+0000 [id=1]	INFO	winstone.Logger#logInternal: Beginning extraction from war file
2025-08-25 14:48:42.745+0000 [id=1]	WARNING	o.e.j.ee9.nested.ContextHandler#setContextPath: Empty contextPath
2025-08-25 14:48:42.826+0000 [id=1]	INFO	org.eclipse.jetty.server.Server#doStart: jetty-12.0.22; built: 2025-06-02T15:25:31.946Z; git: 335c9ab44a5591f0ea941bf350e139b8c4f5537c; jvm 21.0.7+6-LTS
2025-08-25 14:48:43.985+0000 [id=1]	INFO	o.e.j.e.w.StandardDescriptorProcessor#visitServlet: NO JSP Support for /, did not find org.eclipse.jetty.ee9.jsp.JettyJspServlet
2025-08-25 14:48:44.043+0000 [id=1]	INFO	o.e.j.s.DefaultSessionIdManager#doStart: Session workerName=node0
2025-08-25 14:48:45.179+0000 [id=1]	INFO	hudson.WebAppMain#contextInitialized: Jenkins home directory: /home/codespace/.jenkins found at: $user.home/.jenkins
2025-08-25 14:48:45.909+0000 [id=1]	INFO	o.e.j.s.handler.ContextHandler#doStart: Started oeje9n.ContextHandler$CoreContextHandler@4930539b{Jenkins v2.516.1,/,b=file:///home/codespace/.jenkins/war/,a=AVAILABLE,h=oeje9n.ContextHandler$CoreContextHandler$CoreToNestedHandler@6d171ce0{STARTED}}
2025-08-25 14:48:45.929+0000 [id=1]	INFO	o.e.j.server.AbstractConnector#doStart: Started ServerConnector@1f193686{HTTP/1.1, (http/1.1)}{0.0.0.0:8080}
2025-08-25 14:48:46.050+0000 [id=1]	INFO	org.eclipse.jetty.server.Server#doStart: Started oejs.Server@3b74ac8{STARTING}[12.0.22,sto=0] @5702ms
2025-08-25 14:48:46.053+0000 [id=32]	INFO	winstone.Logger#logInternal: Winstone Servlet Engine running: controlPort=disabled
2025-08-25 14:48:46.168+0000 [id=30]	INFO	jenkins.model.Jenkins#<init>: Starting version 2.516.1
2025-08-25 14:48:46.266+0000 [id=39]	INFO	jenkins.InitReactorRunner$1#onAttained: Started initialization
2025-08-25 14:48:46.293+0000 [id=37]	INFO	jenkins.InitReactorRunner$1#onAttained: Listed all plugins
2025-08-25 14:48:47.383+0000 [id=37]	INFO	jenkins.InitReactorRunner$1#onAttained: Prepared all plugins
2025-08-25 14:48:47.387+0000 [id=38]	INFO	jenkins.InitReactorRunner$1#onAttained: Started all plugins
2025-08-25 14:48:47.392+0000 [id=40]	INFO	jenkins.InitReactorRunner$1#onAttained: Augmented all extensions
2025-08-25 14:48:48.341+0000 [id=38]	INFO	jenkins.InitReactorRunner$1#onAttained: System config loaded
2025-08-25 14:48:48.341+0000 [id=39]	INFO	jenkins.InitReactorRunner$1#onAttained: System config adapted
2025-08-25 14:48:48.342+0000 [id=37]	INFO	jenkins.InitReactorRunner$1#onAttained: Loaded all jobs
2025-08-25 14:48:48.344+0000 [id=37]	INFO	jenkins.InitReactorRunner$1#onAttained: Configuration for all jobs updated
2025-08-25 14:48:48.378+0000 [id=54]	INFO	hudson.util.Retrier#start: Attempt #1 to do the action check updates server
2025-08-25 14:48:49.036+0000 [id=38]	INFO	jenkins.install.SetupWizard#init: 

*************************************************************
*************************************************************
*************************************************************

Jenkins initial setup is required. An admin user has been created and a password generated.
Please use the following password to proceed to installation:

85e72146cf834beb9fb20c71c8ef866a

This may also be found at: /home/codespace/.jenkins/secrets/initialAdminPassword

*************************************************************
*************************************************************
*************************************************************

2025-08-25 14:48:54.407+0000 [id=37]	INFO	jenkins.InitReactorRunner$1#onAttained: Completed initialization
2025-08-25 14:48:54.421+0000 [id=30]	INFO	hudson.lifecycle.Lifecycle#onReady: Jenkins is fully up and running
2025-08-25 14:48:54.971+0000 [id=54]	INFO	h.m.DownloadService$Downloadable#load: Obtained the updated data file for hudson.tasks.Maven.MavenInstaller
2025-08-25 14:48:54.971+0000 [id=54]	INFO	hudson.util.Retrier#start: Performed the action check updates server successfully at the attempt #1
2025-08-25 14:50:28.383+0000 [id=23]	INFO	hudson.PluginManager#install: Starting installation of a batch of 19 plugins plus their dependencies
2025-08-25 14:50:28.386+0000 [id=23]	INFO	hudson.model.UpdateSite$Plugin#deploy: Adding dependent install of ionicons-api for plugin cloudbees-folder
2025-08-25 14:50:28.387+0000 [id=23]	INFO	hudson.model.UpdateSite$Plugin#deploy: Adding dependent install of commons-lang3-api for plugin ionicons-api
2025-08-25 14:50:28.390+0000 [id=23]	INFO	hudson.model.UpdateSite$Plugin#deploy: Adding dependent install of json-path-api for plugin build-timeout
2025-08-25 14:50:28.393+0000 [id=23]	INFO	hudson.model.UpdateSite$Plugin#deploy: Adding dependent install of asm-api for plugin json-path-api
2025-08-25 14:50:28.393+0000 [id=23]	INFO	hudson.model.UpdateSite$Plugin#deploy: Adding dependent install of token-macro for plugin build-timeout
2025-08-25 14:50:28.390+0000 [id=83]	INFO	h.model.UpdateCenter$DownloadJob#run: Starting the installation of commons-lang3-api on behalf of admin
2025-08-25 14:50:28.397+0000 [id=23]	INFO	hudson.model.UpdateSite$Plugin#deploy: Adding dependent install of workflow-step-api for plugin token-macro
2025-08-25 14:50:28.398+0000 [id=23]	INFO	hudson.model.UpdateSite$Plugin#deploy: Adding dependent install of structs for plugin workflow-step-api
2025-08-25 14:50:28.398+0000 [id=23]	INFO	hudson.model.UpdateSite$Plugin#deploy: Adding dependent install of commons-text-api for plugin token-macro
2025-08-25 14:50:28.401+0000 [id=23]	INFO	hudson.model.UpdateSite$Plugin#deploy: Adding dependent install of plain-credentials for plugin credentials-binding
2025-08-25 14:50:28.406+0000 [id=23]	INFO	hudson.model.UpdateSite$Plugin#deploy: Adding dependent install of credentials for plugin plain-credentials
2025-08-25 14:50:28.406+0000 [id=23]	INFO	hudson.model.UpdateSite$Plugin#deploy: Adding dependent install of bouncycastle-api for plugin credentials
2025-08-25 14:50:28.406+0000 [id=23]	INFO	hudson.model.UpdateSite$Plugin#deploy: Adding dependent install of ssh-credentials for plugin credentials-binding
2025-08-25 14:50:28.407+0000 [id=23]	INFO	hudson.model.UpdateSite$Plugin#deploy: Adding dependent install of variant for plugin ssh-credentials
2025-08-25 14:50:28.407+0000 [id=23]	INFO	hudson.model.UpdateSite$Plugin#deploy: Adding dependent install of workflow-api for plugin timestamper
2025-08-25 14:50:28.410+0000 [id=83]	INFO	h.m.UpdateCenter$UpdateCenterConfiguration#download: Downloading commons-lang3-api
2025-08-25 14:50:28.413+0000 [id=23]	INFO	hudson.model.UpdateSite$Plugin#deploy: Adding dependent install of scm-api for plugin workflow-api
2025-08-25 14:50:28.413+0000 [id=23]	INFO	hudson.model.UpdateSite$Plugin#deploy: Adding dependent install of matrix-project for plugin ws-cleanup
2025-08-25 14:50:28.414+0000 [id=23]	INFO	hudson.model.UpdateSite$Plugin#deploy: Adding dependent install of script-security for plugin matrix-project
2025-08-25 14:50:28.414+0000 [id=23]	INFO	hudson.model.UpdateSite$Plugin#deploy: Adding dependent install of caffeine-api for plugin script-security
2025-08-25 14:50:28.414+0000 [id=23]	INFO	hudson.model.UpdateSite$Plugin#deploy: Adding dependent install of junit for plugin matrix-project
2025-08-25 14:50:28.417+0000 [id=23]	INFO	hudson.model.UpdateSite$Plugin#deploy: Adding dependent install of jackson2-api for plugin junit
2025-08-25 14:50:28.420+0000 [id=23]	INFO	hudson.model.UpdateSite$Plugin#deploy: Adding dependent install of jaxb for plugin jackson2-api
2025-08-25 14:50:28.420+0000 [id=23]	INFO	hudson.model.UpdateSite$Plugin#deploy: Adding dependent install of javax-activation-api for plugin jaxb
2025-08-25 14:50:28.420+0000 [id=23]	INFO	hudson.model.UpdateSite$Plugin#deploy: Adding dependent install of snakeyaml-api for plugin jackson2-api
2025-08-25 14:50:28.420+0000 [id=23]	INFO	hudson.model.UpdateSite$Plugin#deploy: Adding dependent install of json-api for plugin jackson2-api
2025-08-25 14:50:28.421+0000 [id=23]	INFO	hudson.model.UpdateSite$Plugin#deploy: Adding dependent install of bootstrap5-api for plugin junit
2025-08-25 14:50:28.421+0000 [id=23]	INFO	hudson.model.UpdateSite$Plugin#deploy: Adding dependent install of font-awesome-api for plugin bootstrap5-api
2025-08-25 14:50:28.425+0000 [id=23]	INFO	hudson.model.UpdateSite$Plugin#deploy: Adding dependent install of plugin-util-api for plugin font-awesome-api
2025-08-25 14:50:28.425+0000 [id=23]	INFO	hudson.model.UpdateSite$Plugin#deploy: Adding dependent install of workflow-support for plugin plugin-util-api
2025-08-25 14:50:28.427+0000 [id=23]	INFO	hudson.model.UpdateSite$Plugin#deploy: Adding dependent install of echarts-api for plugin junit
2025-08-25 14:50:28.429+0000 [id=23]	INFO	hudson.model.UpdateSite$Plugin#deploy: Adding dependent install of jquery3-api for plugin echarts-api
2025-08-25 14:50:28.429+0000 [id=23]	INFO	hudson.model.UpdateSite$Plugin#deploy: Adding dependent install of display-url-api for plugin junit
2025-08-25 14:50:28.431+0000 [id=23]	INFO	hudson.model.UpdateSite$Plugin#deploy: Adding dependent install of checks-api for plugin junit
2025-08-25 14:50:28.432+0000 [id=23]	INFO	hudson.model.UpdateSite$Plugin#deploy: Adding dependent install of resource-disposer for plugin ws-cleanup
2025-08-25 14:50:28.435+0000 [id=23]	INFO	hudson.model.UpdateSite$Plugin#deploy: Adding dependent install of okhttp-api for plugin gradle
2025-08-25 14:50:28.435+0000 [id=23]	INFO	hudson.model.UpdateSite$Plugin#deploy: Adding dependent install of workflow-durable-task-step for plugin gradle
2025-08-25 14:50:28.436+0000 [id=23]	INFO	hudson.model.UpdateSite$Plugin#deploy: Adding dependent install of durable-task for plugin workflow-durable-task-step
2025-08-25 14:50:28.436+0000 [id=23]	INFO	hudson.model.UpdateSite$Plugin#deploy: Adding dependent install of workflow-cps for plugin gradle
2025-08-25 14:50:28.436+0000 [id=23]	INFO	hudson.model.UpdateSite$Plugin#deploy: Adding dependent install of workflow-scm-step for plugin workflow-cps
2025-08-25 14:50:28.441+0000 [id=23]	INFO	hudson.model.UpdateSite$Plugin#deploy: Adding dependent install of workflow-job for plugin gradle
2025-08-25 14:50:28.443+0000 [id=23]	INFO	hudson.model.UpdateSite$Plugin#deploy: Adding dependent install of workflow-basic-steps for plugin gradle
2025-08-25 14:50:28.443+0000 [id=23]	INFO	hudson.model.UpdateSite$Plugin#deploy: Adding dependent install of jakarta-mail-api for plugin workflow-basic-steps
2025-08-25 14:50:28.444+0000 [id=23]	INFO	hudson.model.UpdateSite$Plugin#deploy: Adding dependent install of jakarta-activation-api for plugin jakarta-mail-api
2025-08-25 14:50:28.444+0000 [id=23]	INFO	hudson.model.UpdateSite$Plugin#deploy: Adding dependent install of apache-httpcomponents-client-4-api for plugin workflow-basic-steps
2025-08-25 14:50:28.446+0000 [id=23]	INFO	hudson.model.UpdateSite$Plugin#deploy: Adding dependent install of mailer for plugin workflow-basic-steps
2025-08-25 14:50:28.446+0000 [id=23]	INFO	hudson.model.UpdateSite$Plugin#deploy: Adding dependent install of instance-identity for plugin mailer
2025-08-25 14:50:28.447+0000 [id=23]	INFO	hudson.model.UpdateSite$Plugin#deploy: Adding dependent install of pipeline-milestone-step for plugin workflow-aggregator
2025-08-25 14:50:28.447+0000 [id=23]	INFO	hudson.model.UpdateSite$Plugin#deploy: Adding dependent install of pipeline-build-step for plugin workflow-aggregator
2025-08-25 14:50:28.450+0000 [id=23]	INFO	hudson.model.UpdateSite$Plugin#deploy: Adding dependent install of pipeline-groovy-lib for plugin workflow-aggregator
2025-08-25 14:50:28.450+0000 [id=23]	INFO	hudson.model.UpdateSite$Plugin#deploy: Adding dependent install of pipeline-model-definition for plugin workflow-aggregator
2025-08-25 14:50:28.451+0000 [id=23]	INFO	hudson.model.UpdateSite$Plugin#deploy: Adding dependent install of pipeline-model-extensions for plugin pipeline-model-definition
2025-08-25 14:50:28.451+0000 [id=23]	INFO	hudson.model.UpdateSite$Plugin#deploy: Adding dependent install of pipeline-model-api for plugin pipeline-model-extensions
2025-08-25 14:50:28.452+0000 [id=23]	INFO	hudson.model.UpdateSite$Plugin#deploy: Adding dependent install of joda-time-api for plugin pipeline-model-api
2025-08-25 14:50:28.452+0000 [id=23]	INFO	hudson.model.UpdateSite$Plugin#deploy: Adding dependent install of pipeline-stage-step for plugin pipeline-model-extensions
2025-08-25 14:50:28.453+0000 [id=23]	INFO	hudson.model.UpdateSite$Plugin#deploy: Adding dependent install of workflow-multibranch for plugin pipeline-model-definition
2025-08-25 14:50:28.455+0000 [id=23]	INFO	hudson.model.UpdateSite$Plugin#deploy: Adding dependent install of branch-api for plugin workflow-multibranch
2025-08-25 14:50:28.455+0000 [id=23]	INFO	hudson.model.UpdateSite$Plugin#deploy: Adding dependent install of pipeline-stage-tags-metadata for plugin pipeline-model-definition
2025-08-25 14:50:28.456+0000 [id=23]	INFO	hudson.model.UpdateSite$Plugin#deploy: Adding dependent install of pipeline-input-step for plugin pipeline-model-definition
2025-08-25 14:50:28.456+0000 [id=23]	INFO	hudson.model.UpdateSite$Plugin#deploy: Adding dependent install of jjwt-api for plugin github-branch-source
2025-08-25 14:50:28.459+0000 [id=23]	INFO	hudson.model.UpdateSite$Plugin#deploy: Adding dependent install of github-api for plugin github-branch-source
2025-08-25 14:50:28.459+0000 [id=23]	INFO	hudson.model.UpdateSite$Plugin#deploy: Adding dependent install of github for plugin github-branch-source
2025-08-25 14:50:28.460+0000 [id=23]	INFO	hudson.model.UpdateSite$Plugin#deploy: Adding dependent install of git for plugin github
2025-08-25 14:50:28.460+0000 [id=23]	INFO	hudson.model.UpdateSite$Plugin#deploy: Adding dependent install of git-client for plugin git
2025-08-25 14:50:28.460+0000 [id=23]	INFO	hudson.model.UpdateSite$Plugin#deploy: Adding dependent install of mina-sshd-api-core for plugin git-client
2025-08-25 14:50:28.461+0000 [id=23]	INFO	hudson.model.UpdateSite$Plugin#deploy: Adding dependent install of mina-sshd-api-common for plugin mina-sshd-api-core
2025-08-25 14:50:28.466+0000 [id=23]	INFO	hudson.model.UpdateSite$Plugin#deploy: Adding dependent install of gson-api for plugin git-client
2025-08-25 14:50:28.466+0000 [id=23]	INFO	hudson.model.UpdateSite$Plugin#deploy: Adding dependent install of metrics for plugin pipeline-graph-view
2025-08-25 14:50:28.468+0000 [id=23]	INFO	hudson.model.UpdateSite$Plugin#deploy: Adding dependent install of trilead-api for plugin ssh-slaves
2025-08-25 14:50:28.469+0000 [id=23]	INFO	hudson.model.UpdateSite$Plugin#deploy: Adding dependent install of eddsa-api for plugin trilead-api
2025-08-25 14:50:28.471+0000 [id=23]	INFO	hudson.model.UpdateSite$Plugin#deploy: Adding dependent install of jsoup for plugin email-ext
2025-08-25 14:50:28.472+0000 [id=23]	INFO	hudson.model.UpdateSite$Plugin#deploy: Adding dependent install of theme-manager for plugin dark-theme
2025-08-25 14:50:29.222+0000 [id=83]	INFO	h.model.UpdateCenter$DownloadJob#run: Installation successful: commons-lang3-api
2025-08-25 14:50:29.223+0000 [id=83]	INFO	h.model.UpdateCenter$DownloadJob#run: Starting the installation of ionicons-api on behalf of admin
2025-08-25 14:50:29.229+0000 [id=83]	INFO	h.m.UpdateCenter$UpdateCenterConfiguration#download: Downloading ionicons-api
2025-08-25 14:50:30.018+0000 [id=83]	INFO	h.model.UpdateCenter$DownloadJob#run: Installation successful: ionicons-api
2025-08-25 14:50:30.018+0000 [id=83]	INFO	h.model.UpdateCenter$DownloadJob#run: Starting the installation of cloudbees-folder on behalf of admin
2025-08-25 14:50:30.019+0000 [id=83]	INFO	h.m.UpdateCenter$UpdateCenterConfiguration#download: Downloading cloudbees-folder
2025-08-25 14:50:30.615+0000 [id=83]	INFO	h.model.UpdateCenter$DownloadJob#run: Installation successful: cloudbees-folder
2025-08-25 14:50:30.615+0000 [id=83]	INFO	h.model.UpdateCenter$DownloadJob#run: Starting the installation of antisamy-markup-formatter on behalf of admin
2025-08-25 14:50:30.631+0000 [id=83]	INFO	h.model.UpdateCenter$DownloadJob#run: Installation successful: antisamy-markup-formatter
2025-08-25 14:50:30.632+0000 [id=83]	INFO	h.model.UpdateCenter$DownloadJob#run: Starting the installation of asm-api on behalf of admin
2025-08-25 14:50:30.634+0000 [id=83]	INFO	h.m.UpdateCenter$UpdateCenterConfiguration#download: Downloading asm-api
2025-08-25 14:50:31.233+0000 [id=83]	INFO	h.model.UpdateCenter$DownloadJob#run: Installation successful: asm-api
2025-08-25 14:50:31.233+0000 [id=83]	INFO	h.model.UpdateCenter$DownloadJob#run: Starting the installation of json-path-api on behalf of admin
2025-08-25 14:50:31.234+0000 [id=83]	INFO	h.m.UpdateCenter$UpdateCenterConfiguration#download: Downloading json-path-api
2025-08-25 14:50:31.819+0000 [id=83]	INFO	h.model.UpdateCenter$DownloadJob#run: Installation successful: json-path-api
2025-08-25 14:50:31.819+0000 [id=83]	INFO	h.model.UpdateCenter$DownloadJob#run: Starting the installation of structs on behalf of admin
2025-08-25 14:50:31.820+0000 [id=83]	INFO	h.m.UpdateCenter$UpdateCenterConfiguration#download: Downloading structs
2025-08-25 14:50:32.416+0000 [id=83]	INFO	h.model.UpdateCenter$DownloadJob#run: Installation successful: structs
2025-08-25 14:50:32.416+0000 [id=83]	INFO	h.model.UpdateCenter$DownloadJob#run: Starting the installation of workflow-step-api on behalf of admin
2025-08-25 14:50:32.417+0000 [id=83]	INFO	h.m.UpdateCenter$UpdateCenterConfiguration#download: Downloading workflow-step-api
2025-08-25 14:50:33.034+0000 [id=83]	INFO	h.model.UpdateCenter$DownloadJob#run: Installation successful: workflow-step-api
2025-08-25 14:50:33.034+0000 [id=83]	INFO	h.model.UpdateCenter$DownloadJob#run: Starting the installation of commons-text-api on behalf of admin
2025-08-25 14:50:33.036+0000 [id=83]	INFO	h.m.UpdateCenter$UpdateCenterConfiguration#download: Downloading commons-text-api
2025-08-25 14:50:33.644+0000 [id=83]	INFO	h.model.UpdateCenter$DownloadJob#run: Installation successful: commons-text-api
2025-08-25 14:50:33.645+0000 [id=83]	INFO	h.model.UpdateCenter$DownloadJob#run: Starting the installation of token-macro on behalf of admin
2025-08-25 14:50:33.645+0000 [id=83]	INFO	h.m.UpdateCenter$UpdateCenterConfiguration#download: Downloading token-macro
2025-08-25 14:50:34.217+0000 [id=83]	INFO	h.model.UpdateCenter$DownloadJob#run: Installation successful: token-macro
2025-08-25 14:50:34.218+0000 [id=83]	INFO	h.model.UpdateCenter$DownloadJob#run: Starting the installation of build-timeout on behalf of admin
2025-08-25 14:50:34.218+0000 [id=83]	INFO	h.m.UpdateCenter$UpdateCenterConfiguration#download: Downloading build-timeout
2025-08-25 14:50:34.837+0000 [id=83]	INFO	h.model.UpdateCenter$DownloadJob#run: Installation successful: build-timeout
2025-08-25 14:50:34.837+0000 [id=83]	INFO	h.model.UpdateCenter$DownloadJob#run: Starting the installation of bouncycastle-api on behalf of admin
2025-08-25 14:50:34.887+0000 [id=83]	INFO	h.m.UpdateCenter$UpdateCenterConfiguration#download: Downloading bouncycastle-api
2025-08-25 14:50:36.008+0000 [id=83]	INFO	h.model.UpdateCenter$DownloadJob#run: Installation successful: bouncycastle-api
2025-08-25 14:50:36.009+0000 [id=83]	INFO	h.model.UpdateCenter$DownloadJob#run: Starting the installation of credentials on behalf of admin
2025-08-25 14:50:36.009+0000 [id=83]	INFO	h.m.UpdateCenter$UpdateCenterConfiguration#download: Downloading credentials
2025-08-25 14:50:36.846+0000 [id=83]	INFO	h.model.UpdateCenter$DownloadJob#run: Installation successful: credentials
2025-08-25 14:50:36.846+0000 [id=83]	INFO	h.model.UpdateCenter$DownloadJob#run: Starting the installation of plain-credentials on behalf of admin
2025-08-25 14:50:36.846+0000 [id=83]	INFO	h.m.UpdateCenter$UpdateCenterConfiguration#download: Downloading plain-credentials
2025-08-25 14:50:37.627+0000 [id=83]	INFO	h.model.UpdateCenter$DownloadJob#run: Installation successful: plain-credentials
2025-08-25 14:50:37.627+0000 [id=83]	INFO	h.model.UpdateCenter$DownloadJob#run: Starting the installation of variant on behalf of admin
2025-08-25 14:50:37.628+0000 [id=83]	INFO	h.m.UpdateCenter$UpdateCenterConfiguration#download: Downloading variant
2025-08-25 14:50:38.178+0000 [id=83]	INFO	h.model.UpdateCenter$DownloadJob#run: Installation successful: variant
2025-08-25 14:50:38.178+0000 [id=83]	INFO	h.model.UpdateCenter$DownloadJob#run: Starting the installation of ssh-credentials on behalf of admin
2025-08-25 14:50:38.179+0000 [id=83]	INFO	h.m.UpdateCenter$UpdateCenterConfiguration#download: Downloading ssh-credentials
2025-08-25 14:50:38.771+0000 [id=83]	INFO	h.model.UpdateCenter$DownloadJob#run: Installation successful: ssh-credentials
2025-08-25 14:50:38.772+0000 [id=83]	INFO	h.model.UpdateCenter$DownloadJob#run: Starting the installation of credentials-binding on behalf of admin
2025-08-25 14:50:38.772+0000 [id=83]	INFO	h.m.UpdateCenter$UpdateCenterConfiguration#download: Downloading credentials-binding
2025-08-25 14:50:39.380+0000 [id=83]	INFO	h.model.UpdateCenter$DownloadJob#run: Installation successful: credentials-binding
2025-08-25 14:50:39.381+0000 [id=83]	INFO	h.model.UpdateCenter$DownloadJob#run: Starting the installation of scm-api on behalf of admin
2025-08-25 14:50:39.383+0000 [id=83]	INFO	h.m.UpdateCenter$UpdateCenterConfiguration#download: Downloading scm-api
2025-08-25 14:50:40.053+0000 [id=83]	INFO	h.model.UpdateCenter$DownloadJob#run: Installation successful: scm-api
2025-08-25 14:50:40.053+0000 [id=83]	INFO	h.model.UpdateCenter$DownloadJob#run: Starting the installation of workflow-api on behalf of admin
2025-08-25 14:50:40.055+0000 [id=83]	INFO	h.m.UpdateCenter$UpdateCenterConfiguration#download: Downloading workflow-api
2025-08-25 14:50:40.609+0000 [id=83]	INFO	h.model.UpdateCenter$DownloadJob#run: Installation successful: workflow-api
2025-08-25 14:50:40.609+0000 [id=83]	INFO	h.model.UpdateCenter$DownloadJob#run: Starting the installation of timestamper on behalf of admin
2025-08-25 14:50:40.610+0000 [id=83]	INFO	h.m.UpdateCenter$UpdateCenterConfiguration#download: Downloading timestamper
2025-08-25 14:50:41.181+0000 [id=83]	INFO	h.model.UpdateCenter$DownloadJob#run: Installation successful: timestamper
2025-08-25 14:50:41.181+0000 [id=83]	INFO	h.model.UpdateCenter$DownloadJob#run: Starting the installation of caffeine-api on behalf of admin
2025-08-25 14:50:41.186+0000 [id=83]	INFO	h.m.UpdateCenter$UpdateCenterConfiguration#download: Downloading caffeine-api
2025-08-25 14:50:41.855+0000 [id=83]	INFO	h.model.UpdateCenter$DownloadJob#run: Installation successful: caffeine-api
2025-08-25 14:50:41.856+0000 [id=83]	INFO	h.model.UpdateCenter$DownloadJob#run: Starting the installation of script-security on behalf of admin
2025-08-25 14:50:41.858+0000 [id=83]	INFO	h.m.UpdateCenter$UpdateCenterConfiguration#download: Downloading script-security
2025-08-25 14:50:42.455+0000 [id=83]	INFO	h.model.UpdateCenter$DownloadJob#run: Installation successful: script-security
2025-08-25 14:50:42.455+0000 [id=83]	INFO	h.model.UpdateCenter$DownloadJob#run: Starting the installation of javax-activation-api on behalf of admin
2025-08-25 14:50:42.461+0000 [id=83]	INFO	h.model.UpdateCenter$DownloadJob#run: Installation successful: javax-activation-api
2025-08-25 14:50:42.462+0000 [id=83]	INFO	h.model.UpdateCenter$DownloadJob#run: Starting the installation of jaxb on behalf of admin
2025-08-25 14:50:42.485+0000 [id=83]	INFO	h.model.UpdateCenter$DownloadJob#run: Installation successful: jaxb
2025-08-25 14:50:42.485+0000 [id=83]	INFO	h.model.UpdateCenter$DownloadJob#run: Starting the installation of snakeyaml-api on behalf of admin
2025-08-25 14:50:42.495+0000 [id=83]	INFO	h.model.UpdateCenter$DownloadJob#run: Installation successful: snakeyaml-api
2025-08-25 14:50:42.495+0000 [id=83]	INFO	h.model.UpdateCenter$DownloadJob#run: Starting the installation of json-api on behalf of admin
2025-08-25 14:50:42.496+0000 [id=83]	INFO	h.m.UpdateCenter$UpdateCenterConfiguration#download: Downloading json-api
2025-08-25 14:50:43.106+0000 [id=83]	INFO	h.model.UpdateCenter$DownloadJob#run: Installation successful: json-api
2025-08-25 14:50:43.106+0000 [id=83]	INFO	h.model.UpdateCenter$DownloadJob#run: Starting the installation of jackson2-api on behalf of admin
2025-08-25 14:50:43.130+0000 [id=83]	INFO	h.m.UpdateCenter$UpdateCenterConfiguration#download: Downloading jackson2-api
2025-08-25 14:50:45.430+0000 [id=83]	INFO	h.model.UpdateCenter$DownloadJob#run: Installation successful: jackson2-api
2025-08-25 14:50:45.430+0000 [id=83]	INFO	h.model.UpdateCenter$DownloadJob#run: Starting the installation of workflow-support on behalf of admin
2025-08-25 14:50:45.433+0000 [id=83]	INFO	h.m.UpdateCenter$UpdateCenterConfiguration#download: Downloading workflow-support
2025-08-25 14:50:46.042+0000 [id=83]	INFO	h.model.UpdateCenter$DownloadJob#run: Installation successful: workflow-support
2025-08-25 14:50:46.042+0000 [id=83]	INFO	h.model.UpdateCenter$DownloadJob#run: Starting the installation of plugin-util-api on behalf of admin
2025-08-25 14:50:46.045+0000 [id=83]	INFO	h.m.UpdateCenter$UpdateCenterConfiguration#download: Downloading plugin-util-api
2025-08-25 14:50:46.715+0000 [id=83]	INFO	h.model.UpdateCenter$DownloadJob#run: Installation successful: plugin-util-api
2025-08-25 14:50:46.715+0000 [id=83]	INFO	h.model.UpdateCenter$DownloadJob#run: Starting the installation of font-awesome-api on behalf of admin
2025-08-25 14:50:46.722+0000 [id=83]	INFO	h.m.UpdateCenter$UpdateCenterConfiguration#download: Downloading font-awesome-api
2025-08-25 14:50:47.389+0000 [id=83]	INFO	h.model.UpdateCenter$DownloadJob#run: Installation successful: font-awesome-api
2025-08-25 14:50:47.389+0000 [id=83]	INFO	h.model.UpdateCenter$DownloadJob#run: Starting the installation of bootstrap5-api on behalf of admin
2025-08-25 14:50:47.394+0000 [id=83]	INFO	h.m.UpdateCenter$UpdateCenterConfiguration#download: Downloading bootstrap5-api
2025-08-25 14:50:48.060+0000 [id=83]	INFO	h.model.UpdateCenter$DownloadJob#run: Installation successful: bootstrap5-api
2025-08-25 14:50:48.060+0000 [id=83]	INFO	h.model.UpdateCenter$DownloadJob#run: Starting the installation of jquery3-api on behalf of admin
2025-08-25 14:50:48.062+0000 [id=83]	INFO	h.m.UpdateCenter$UpdateCenterConfiguration#download: Downloading jquery3-api
2025-08-25 14:50:48.669+0000 [id=83]	INFO	h.model.UpdateCenter$DownloadJob#run: Installation successful: jquery3-api
2025-08-25 14:50:48.670+0000 [id=83]	INFO	h.model.UpdateCenter$DownloadJob#run: Starting the installation of echarts-api on behalf of admin
2025-08-25 14:50:48.689+0000 [id=83]	INFO	h.m.UpdateCenter$UpdateCenterConfiguration#download: Downloading echarts-api
2025-08-25 14:50:49.583+0000 [id=83]	INFO	h.model.UpdateCenter$DownloadJob#run: Installation successful: echarts-api
2025-08-25 14:50:49.586+0000 [id=83]	INFO	h.model.UpdateCenter$DownloadJob#run: Starting the installation of display-url-api on behalf of admin
2025-08-25 14:50:49.587+0000 [id=83]	INFO	h.m.UpdateCenter$UpdateCenterConfiguration#download: Downloading display-url-api
2025-08-25 14:50:50.138+0000 [id=83]	INFO	h.model.UpdateCenter$DownloadJob#run: Installation successful: display-url-api
2025-08-25 14:50:50.141+0000 [id=83]	INFO	h.model.UpdateCenter$DownloadJob#run: Starting the installation of checks-api on behalf of admin
2025-08-25 14:50:50.154+0000 [id=83]	INFO	h.model.UpdateCenter$DownloadJob#run: Installation successful: checks-api
2025-08-25 14:50:50.155+0000 [id=83]	INFO	h.model.UpdateCenter$DownloadJob#run: Starting the installation of junit on behalf of admin
2025-08-25 14:50:50.170+0000 [id=83]	INFO	h.model.UpdateCenter$DownloadJob#run: Installation successful: junit
2025-08-25 14:50:50.172+0000 [id=83]	INFO	h.model.UpdateCenter$DownloadJob#run: Starting the installation of matrix-project on behalf of admin
2025-08-25 14:50:50.174+0000 [id=83]	INFO	h.m.UpdateCenter$UpdateCenterConfiguration#download: Downloading matrix-project
2025-08-25 14:50:50.766+0000 [id=83]	INFO	h.model.UpdateCenter$DownloadJob#run: Installation successful: matrix-project
2025-08-25 14:50:50.766+0000 [id=83]	INFO	h.model.UpdateCenter$DownloadJob#run: Starting the installation of resource-disposer on behalf of admin
2025-08-25 14:50:50.766+0000 [id=83]	INFO	h.m.UpdateCenter$UpdateCenterConfiguration#download: Downloading resource-disposer
2025-08-25 14:50:51.308+0000 [id=83]	INFO	h.model.UpdateCenter$DownloadJob#run: Installation successful: resource-disposer
2025-08-25 14:50:51.309+0000 [id=83]	INFO	h.model.UpdateCenter$DownloadJob#run: Starting the installation of ws-cleanup on behalf of admin
2025-08-25 14:50:51.309+0000 [id=83]	INFO	h.m.UpdateCenter$UpdateCenterConfiguration#download: Downloading ws-cleanup
2025-08-25 14:50:52.392+0000 [id=83]	INFO	h.model.UpdateCenter$DownloadJob#run: Installation successful: ws-cleanup
2025-08-25 14:50:52.392+0000 [id=83]	INFO	h.model.UpdateCenter$DownloadJob#run: Starting the installation of ant on behalf of admin
2025-08-25 14:50:52.393+0000 [id=83]	INFO	h.m.UpdateCenter$UpdateCenterConfiguration#download: Downloading ant
2025-08-25 14:50:52.959+0000 [id=83]	INFO	h.model.UpdateCenter$DownloadJob#run: Installation successful: ant
2025-08-25 14:50:52.960+0000 [id=83]	INFO	h.model.UpdateCenter$DownloadJob#run: Starting the installation of okhttp-api on behalf of admin
2025-08-25 14:50:52.960+0000 [id=83]	INFO	h.m.UpdateCenter$UpdateCenterConfiguration#download: Downloading okhttp-api
2025-08-25 14:50:53.746+0000 [id=83]	INFO	h.model.UpdateCenter$DownloadJob#run: Installation successful: okhttp-api
2025-08-25 14:50:53.746+0000 [id=83]	INFO	h.model.UpdateCenter$DownloadJob#run: Starting the installation of durable-task on behalf of admin
2025-08-25 14:50:53.747+0000 [id=83]	INFO	h.m.UpdateCenter$UpdateCenterConfiguration#download: Downloading durable-task
2025-08-25 14:50:54.642+0000 [id=83]	INFO	h.model.UpdateCenter$DownloadJob#run: Installation successful: durable-task
2025-08-25 14:50:54.643+0000 [id=83]	INFO	h.model.UpdateCenter$DownloadJob#run: Starting the installation of workflow-durable-task-step on behalf of admin
2025-08-25 14:50:54.643+0000 [id=83]	INFO	h.m.UpdateCenter$UpdateCenterConfiguration#download: Downloading workflow-durable-task-step
2025-08-25 14:50:55.218+0000 [id=83]	INFO	h.model.UpdateCenter$DownloadJob#run: Installation successful: workflow-durable-task-step
2025-08-25 14:50:55.218+0000 [id=83]	INFO	h.model.UpdateCenter$DownloadJob#run: Starting the installation of workflow-scm-step on behalf of admin
2025-08-25 14:50:55.219+0000 [id=83]	INFO	h.m.UpdateCenter$UpdateCenterConfiguration#download: Downloading workflow-scm-step
2025-08-25 14:50:55.805+0000 [id=83]	INFO	h.model.UpdateCenter$DownloadJob#run: Installation successful: workflow-scm-step
2025-08-25 14:50:55.805+0000 [id=83]	INFO	h.model.UpdateCenter$DownloadJob#run: Starting the installation of workflow-cps on behalf of admin
2025-08-25 14:50:55.805+0000 [id=83]	INFO	h.m.UpdateCenter$UpdateCenterConfiguration#download: Downloading workflow-cps
2025-08-25 14:50:56.436+0000 [id=83]	INFO	h.model.UpdateCenter$DownloadJob#run: Installation successful: workflow-cps
2025-08-25 14:50:56.437+0000 [id=83]	INFO	h.model.UpdateCenter$DownloadJob#run: Starting the installation of workflow-job on behalf of admin
2025-08-25 14:50:56.437+0000 [id=83]	INFO	h.m.UpdateCenter$UpdateCenterConfiguration#download: Downloading workflow-job
2025-08-25 14:50:57.019+0000 [id=83]	INFO	h.model.UpdateCenter$DownloadJob#run: Installation successful: workflow-job
2025-08-25 14:50:57.020+0000 [id=83]	INFO	h.model.UpdateCenter$DownloadJob#run: Starting the installation of jakarta-activation-api on behalf of admin
2025-08-25 14:50:57.028+0000 [id=83]	INFO	h.model.UpdateCenter$DownloadJob#run: Installation successful: jakarta-activation-api
2025-08-25 14:50:57.029+0000 [id=83]	INFO	h.model.UpdateCenter$DownloadJob#run: Starting the installation of jakarta-mail-api on behalf of admin
2025-08-25 14:50:57.033+0000 [id=83]	INFO	h.m.UpdateCenter$UpdateCenterConfiguration#download: Downloading jakarta-mail-api
2025-08-25 14:50:57.670+0000 [id=83]	INFO	h.model.UpdateCenter$DownloadJob#run: Installation successful: jakarta-mail-api
2025-08-25 14:50:57.671+0000 [id=83]	INFO	h.model.UpdateCenter$DownloadJob#run: Starting the installation of apache-httpcomponents-client-4-api on behalf of admin
2025-08-25 14:50:57.702+0000 [id=83]	INFO	h.model.UpdateCenter$DownloadJob#run: Installation successful: apache-httpcomponents-client-4-api
2025-08-25 14:50:57.702+0000 [id=83]	INFO	h.model.UpdateCenter$DownloadJob#run: Starting the installation of instance-identity on behalf of admin
2025-08-25 14:50:57.707+0000 [id=83]	INFO	h.model.UpdateCenter$DownloadJob#run: Installation successful: instance-identity
2025-08-25 14:50:57.707+0000 [id=83]	INFO	h.model.UpdateCenter$DownloadJob#run: Starting the installation of mailer on behalf of admin
2025-08-25 14:50:57.708+0000 [id=83]	INFO	h.m.UpdateCenter$UpdateCenterConfiguration#download: Downloading mailer
2025-08-25 14:50:58.985+0000 [id=83]	INFO	h.model.UpdateCenter$DownloadJob#run: Installation successful: mailer
2025-08-25 14:50:58.985+0000 [id=83]	INFO	h.model.UpdateCenter$DownloadJob#run: Starting the installation of workflow-basic-steps on behalf of admin
2025-08-25 14:50:58.987+0000 [id=83]	INFO	h.m.UpdateCenter$UpdateCenterConfiguration#download: Downloading workflow-basic-steps
2025-08-25 14:50:59.698+0000 [id=83]	INFO	h.model.UpdateCenter$DownloadJob#run: Installation successful: workflow-basic-steps
2025-08-25 14:50:59.699+0000 [id=83]	INFO	h.model.UpdateCenter$DownloadJob#run: Starting the installation of gradle on behalf of admin
2025-08-25 14:50:59.700+0000 [id=83]	INFO	h.m.UpdateCenter$UpdateCenterConfiguration#download: Downloading gradle
2025-08-25 14:51:00.368+0000 [id=83]	INFO	h.model.UpdateCenter$DownloadJob#run: Installation successful: gradle
2025-08-25 14:51:00.368+0000 [id=83]	INFO	h.model.UpdateCenter$DownloadJob#run: Starting the installation of pipeline-milestone-step on behalf of admin
2025-08-25 14:51:00.368+0000 [id=83]	INFO	h.m.UpdateCenter$UpdateCenterConfiguration#download: Downloading pipeline-milestone-step
2025-08-25 14:51:00.964+0000 [id=83]	INFO	h.model.UpdateCenter$DownloadJob#run: Installation successful: pipeline-milestone-step
2025-08-25 14:51:00.964+0000 [id=83]	INFO	h.model.UpdateCenter$DownloadJob#run: Starting the installation of pipeline-build-step on behalf of admin
2025-08-25 14:51:00.964+0000 [id=83]	INFO	h.m.UpdateCenter$UpdateCenterConfiguration#download: Downloading pipeline-build-step
2025-08-25 14:51:01.552+0000 [id=83]	INFO	h.model.UpdateCenter$DownloadJob#run: Installation successful: pipeline-build-step
2025-08-25 14:51:01.552+0000 [id=83]	INFO	h.model.UpdateCenter$DownloadJob#run: Starting the installation of pipeline-groovy-lib on behalf of admin
2025-08-25 14:51:01.553+0000 [id=83]	INFO	h.m.UpdateCenter$UpdateCenterConfiguration#download: Downloading pipeline-groovy-lib
2025-08-25 14:51:02.747+0000 [id=83]	INFO	h.model.UpdateCenter$DownloadJob#run: Installation successful: pipeline-groovy-lib
2025-08-25 14:51:02.747+0000 [id=83]	INFO	h.model.UpdateCenter$DownloadJob#run: Starting the installation of joda-time-api on behalf of admin
2025-08-25 14:51:02.747+0000 [id=83]	INFO	h.m.UpdateCenter$UpdateCenterConfiguration#download: Downloading joda-time-api
2025-08-25 14:51:03.711+0000 [id=83]	INFO	h.model.UpdateCenter$DownloadJob#run: Installation successful: joda-time-api
2025-08-25 14:51:03.711+0000 [id=83]	INFO	h.model.UpdateCenter$DownloadJob#run: Starting the installation of pipeline-model-api on behalf of admin
2025-08-25 14:51:03.712+0000 [id=83]	INFO	h.m.UpdateCenter$UpdateCenterConfiguration#download: Downloading pipeline-model-api
2025-08-25 14:51:04.433+0000 [id=83]	INFO	h.model.UpdateCenter$DownloadJob#run: Installation successful: pipeline-model-api
2025-08-25 14:51:04.434+0000 [id=83]	INFO	h.model.UpdateCenter$DownloadJob#run: Starting the installation of pipeline-stage-step on behalf of admin
2025-08-25 14:51:04.434+0000 [id=83]	INFO	h.m.UpdateCenter$UpdateCenterConfiguration#download: Downloading pipeline-stage-step
2025-08-25 14:51:05.010+0000 [id=83]	INFO	h.model.UpdateCenter$DownloadJob#run: Installation successful: pipeline-stage-step
2025-08-25 14:51:05.010+0000 [id=83]	INFO	h.model.UpdateCenter$DownloadJob#run: Starting the installation of pipeline-model-extensions on behalf of admin
2025-08-25 14:51:05.010+0000 [id=83]	INFO	h.m.UpdateCenter$UpdateCenterConfiguration#download: Downloading pipeline-model-extensions
2025-08-25 14:51:05.569+0000 [id=83]	INFO	h.model.UpdateCenter$DownloadJob#run: Installation successful: pipeline-model-extensions
2025-08-25 14:51:05.570+0000 [id=83]	INFO	h.model.UpdateCenter$DownloadJob#run: Starting the installation of branch-api on behalf of admin
2025-08-25 14:51:05.570+0000 [id=83]	INFO	h.m.UpdateCenter$UpdateCenterConfiguration#download: Downloading branch-api
2025-08-25 14:51:06.193+0000 [id=83]	INFO	h.model.UpdateCenter$DownloadJob#run: Installation successful: branch-api
2025-08-25 14:51:06.194+0000 [id=83]	INFO	h.model.UpdateCenter$DownloadJob#run: Starting the installation of workflow-multibranch on behalf of admin
2025-08-25 14:51:06.194+0000 [id=83]	INFO	h.m.UpdateCenter$UpdateCenterConfiguration#download: Downloading workflow-multibranch
2025-08-25 14:51:06.804+0000 [id=83]	INFO	h.model.UpdateCenter$DownloadJob#run: Installation successful: workflow-multibranch
2025-08-25 14:51:06.804+0000 [id=83]	INFO	h.model.UpdateCenter$DownloadJob#run: Starting the installation of pipeline-stage-tags-metadata on behalf of admin
2025-08-25 14:51:06.804+0000 [id=83]	INFO	h.m.UpdateCenter$UpdateCenterConfiguration#download: Downloading pipeline-stage-tags-metadata
2025-08-25 14:51:07.387+0000 [id=83]	INFO	h.model.UpdateCenter$DownloadJob#run: Installation successful: pipeline-stage-tags-metadata
2025-08-25 14:51:07.387+0000 [id=83]	INFO	h.model.UpdateCenter$DownloadJob#run: Starting the installation of pipeline-input-step on behalf of admin
2025-08-25 14:51:07.388+0000 [id=83]	INFO	h.m.UpdateCenter$UpdateCenterConfiguration#download: Downloading pipeline-input-step
2025-08-25 14:51:07.994+0000 [id=83]	INFO	h.model.UpdateCenter$DownloadJob#run: Installation successful: pipeline-input-step
2025-08-25 14:51:07.994+0000 [id=83]	INFO	h.model.UpdateCenter$DownloadJob#run: Starting the installation of pipeline-model-definition on behalf of admin
2025-08-25 14:51:07.995+0000 [id=83]	INFO	h.m.UpdateCenter$UpdateCenterConfiguration#download: Downloading pipeline-model-definition
2025-08-25 14:51:08.694+0000 [id=83]	INFO	h.model.UpdateCenter$DownloadJob#run: Installation successful: pipeline-model-definition
2025-08-25 14:51:08.696+0000 [id=83]	INFO	h.model.UpdateCenter$DownloadJob#run: Starting the installation of workflow-aggregator on behalf of admin
2025-08-25 14:51:08.699+0000 [id=83]	INFO	h.m.UpdateCenter$UpdateCenterConfiguration#download: Downloading workflow-aggregator
2025-08-25 14:51:09.255+0000 [id=83]	INFO	h.model.UpdateCenter$DownloadJob#run: Installation successful: workflow-aggregator
2025-08-25 14:51:09.255+0000 [id=83]	INFO	h.model.UpdateCenter$DownloadJob#run: Starting the installation of jjwt-api on behalf of admin
2025-08-25 14:51:09.255+0000 [id=83]	INFO	h.m.UpdateCenter$UpdateCenterConfiguration#download: Downloading jjwt-api
2025-08-25 14:51:09.832+0000 [id=83]	INFO	h.model.UpdateCenter$DownloadJob#run: Installation successful: jjwt-api
2025-08-25 14:51:09.832+0000 [id=83]	INFO	h.model.UpdateCenter$DownloadJob#run: Starting the installation of github-api on behalf of admin
2025-08-25 14:51:09.833+0000 [id=83]	INFO	h.m.UpdateCenter$UpdateCenterConfiguration#download: Downloading github-api
2025-08-25 14:51:10.493+0000 [id=83]	INFO	h.model.UpdateCenter$DownloadJob#run: Installation successful: github-api
2025-08-25 14:51:10.493+0000 [id=83]	INFO	h.model.UpdateCenter$DownloadJob#run: Starting the installation of mina-sshd-api-common on behalf of admin
2025-08-25 14:51:10.509+0000 [id=83]	INFO	h.model.UpdateCenter$DownloadJob#run: Installation successful: mina-sshd-api-common
2025-08-25 14:51:10.509+0000 [id=83]	INFO	h.model.UpdateCenter$DownloadJob#run: Starting the installation of mina-sshd-api-core on behalf of admin
2025-08-25 14:51:10.535+0000 [id=83]	INFO	h.model.UpdateCenter$DownloadJob#run: Installation successful: mina-sshd-api-core
2025-08-25 14:51:10.536+0000 [id=83]	INFO	h.model.UpdateCenter$DownloadJob#run: Starting the installation of gson-api on behalf of admin
2025-08-25 14:51:10.537+0000 [id=83]	INFO	h.m.UpdateCenter$UpdateCenterConfiguration#download: Downloading gson-api
2025-08-25 14:51:11.163+0000 [id=83]	INFO	h.model.UpdateCenter$DownloadJob#run: Installation successful: gson-api
2025-08-25 14:51:11.164+0000 [id=83]	INFO	h.model.UpdateCenter$DownloadJob#run: Starting the installation of git-client on behalf of admin
2025-08-25 14:51:11.164+0000 [id=83]	INFO	h.m.UpdateCenter$UpdateCenterConfiguration#download: Downloading git-client
2025-08-25 14:51:12.481+0000 [id=83]	INFO	h.model.UpdateCenter$DownloadJob#run: Installation successful: git-client
2025-08-25 14:51:12.481+0000 [id=83]	INFO	h.model.UpdateCenter$DownloadJob#run: Starting the installation of git on behalf of admin
2025-08-25 14:51:12.481+0000 [id=83]	INFO	h.m.UpdateCenter$UpdateCenterConfiguration#download: Downloading git
2025-08-25 14:51:13.145+0000 [id=83]	INFO	h.model.UpdateCenter$DownloadJob#run: Installation successful: git
2025-08-25 14:51:13.145+0000 [id=83]	INFO	h.model.UpdateCenter$DownloadJob#run: Starting the installation of github on behalf of admin
2025-08-25 14:51:13.145+0000 [id=83]	INFO	h.m.UpdateCenter$UpdateCenterConfiguration#download: Downloading github
2025-08-25 14:51:13.765+0000 [id=83]	INFO	h.model.UpdateCenter$DownloadJob#run: Installation successful: github
2025-08-25 14:51:13.765+0000 [id=83]	INFO	h.model.UpdateCenter$DownloadJob#run: Starting the installation of github-branch-source on behalf of admin
2025-08-25 14:51:13.766+0000 [id=83]	INFO	h.m.UpdateCenter$UpdateCenterConfiguration#download: Downloading github-branch-source
2025-08-25 14:51:14.395+0000 [id=83]	INFO	h.model.UpdateCenter$DownloadJob#run: Installation successful: github-branch-source
2025-08-25 14:51:14.395+0000 [id=83]	INFO	h.model.UpdateCenter$DownloadJob#run: Starting the installation of pipeline-github-lib on behalf of admin
2025-08-25 14:51:14.396+0000 [id=83]	INFO	h.m.UpdateCenter$UpdateCenterConfiguration#download: Downloading pipeline-github-lib
2025-08-25 14:51:14.957+0000 [id=83]	INFO	h.model.UpdateCenter$DownloadJob#run: Installation successful: pipeline-github-lib
2025-08-25 14:51:14.958+0000 [id=83]	INFO	h.model.UpdateCenter$DownloadJob#run: Starting the installation of metrics on behalf of admin
2025-08-25 14:51:14.959+0000 [id=83]	INFO	h.m.UpdateCenter$UpdateCenterConfiguration#download: Downloading metrics
2025-08-25 14:51:15.938+0000 [id=83]	INFO	h.model.UpdateCenter$DownloadJob#run: Installation successful: metrics
2025-08-25 14:51:15.939+0000 [id=83]	INFO	h.model.UpdateCenter$DownloadJob#run: Starting the installation of pipeline-graph-view on behalf of admin
2025-08-25 14:51:15.940+0000 [id=83]	INFO	h.m.UpdateCenter$UpdateCenterConfiguration#download: Downloading pipeline-graph-view
2025-08-25 14:51:16.666+0000 [id=83]	INFO	h.model.UpdateCenter$DownloadJob#run: Installation successful: pipeline-graph-view
2025-08-25 14:51:16.667+0000 [id=83]	INFO	h.model.UpdateCenter$DownloadJob#run: Starting the installation of git on behalf of admin
2025-08-25 14:51:16.667+0000 [id=83]	INFO	h.m.UpdateCenter$InstallationJob#_run: Skipping duplicate install of: Git@5.7.0
2025-08-25 14:51:16.667+0000 [id=83]	INFO	h.model.UpdateCenter$DownloadJob#run: Installation successful: git
2025-08-25 14:51:16.667+0000 [id=83]	INFO	h.model.UpdateCenter$DownloadJob#run: Starting the installation of eddsa-api on behalf of admin
2025-08-25 14:51:16.673+0000 [id=83]	INFO	h.model.UpdateCenter$DownloadJob#run: Installation successful: eddsa-api
2025-08-25 14:51:16.673+0000 [id=83]	INFO	h.model.UpdateCenter$DownloadJob#run: Starting the installation of trilead-api on behalf of admin
2025-08-25 14:51:16.729+0000 [id=83]	INFO	h.model.UpdateCenter$DownloadJob#run: Installation successful: trilead-api
2025-08-25 14:51:16.729+0000 [id=83]	INFO	h.model.UpdateCenter$DownloadJob#run: Starting the installation of ssh-slaves on behalf of admin
2025-08-25 14:51:16.729+0000 [id=83]	INFO	h.m.UpdateCenter$UpdateCenterConfiguration#download: Downloading ssh-slaves
2025-08-25 14:51:17.334+0000 [id=83]	INFO	h.model.UpdateCenter$DownloadJob#run: Installation successful: ssh-slaves
2025-08-25 14:51:17.334+0000 [id=83]	INFO	h.model.UpdateCenter$DownloadJob#run: Starting the installation of matrix-auth on behalf of admin
2025-08-25 14:51:17.339+0000 [id=83]	INFO	h.m.UpdateCenter$UpdateCenterConfiguration#download: Downloading matrix-auth
2025-08-25 14:51:17.963+0000 [id=83]	INFO	h.model.UpdateCenter$DownloadJob#run: Installation successful: matrix-auth
2025-08-25 14:51:17.964+0000 [id=83]	INFO	h.model.UpdateCenter$DownloadJob#run: Starting the installation of ldap on behalf of admin
2025-08-25 14:51:17.964+0000 [id=83]	INFO	h.m.UpdateCenter$UpdateCenterConfiguration#download: Downloading ldap
2025-08-25 14:51:18.649+0000 [id=83]	INFO	h.model.UpdateCenter$DownloadJob#run: Installation successful: ldap
2025-08-25 14:51:18.649+0000 [id=83]	INFO	h.model.UpdateCenter$DownloadJob#run: Starting the installation of jsoup on behalf of admin
2025-08-25 14:51:18.650+0000 [id=83]	INFO	h.m.UpdateCenter$UpdateCenterConfiguration#download: Downloading jsoup
2025-08-25 14:51:19.296+0000 [id=83]	INFO	h.model.UpdateCenter$DownloadJob#run: Installation successful: jsoup
2025-08-25 14:51:19.296+0000 [id=83]	INFO	h.model.UpdateCenter$DownloadJob#run: Starting the installation of email-ext on behalf of admin
2025-08-25 14:51:19.297+0000 [id=83]	INFO	h.m.UpdateCenter$UpdateCenterConfiguration#download: Downloading email-ext
2025-08-25 14:51:19.929+0000 [id=83]	INFO	h.model.UpdateCenter$DownloadJob#run: Installation successful: email-ext
2025-08-25 14:51:19.929+0000 [id=83]	INFO	h.model.UpdateCenter$DownloadJob#run: Starting the installation of mailer on behalf of admin
2025-08-25 14:51:19.929+0000 [id=83]	INFO	h.m.UpdateCenter$InstallationJob#_run: Skipping duplicate install of: Mailer@522.va_995fa_cfb_8b_d
2025-08-25 14:51:19.929+0000 [id=83]	INFO	h.model.UpdateCenter$DownloadJob#run: Installation successful: mailer
2025-08-25 14:51:19.929+0000 [id=83]	INFO	h.model.UpdateCenter$DownloadJob#run: Starting the installation of theme-manager on behalf of admin
2025-08-25 14:51:19.930+0000 [id=83]	INFO	h.m.UpdateCenter$UpdateCenterConfiguration#download: Downloading theme-manager
2025-08-25 14:51:20.484+0000 [id=83]	INFO	h.model.UpdateCenter$DownloadJob#run: Installation successful: theme-manager
2025-08-25 14:51:20.484+0000 [id=83]	INFO	h.model.UpdateCenter$DownloadJob#run: Starting the installation of dark-theme on behalf of admin
2025-08-25 14:51:20.484+0000 [id=83]	INFO	h.m.UpdateCenter$UpdateCenterConfiguration#download: Downloading dark-theme
2025-08-25 14:51:21.054+0000 [id=83]	INFO	h.model.UpdateCenter$DownloadJob#run: Installation successful: dark-theme
2025-08-25 14:51:21.054+0000 [id=83]	INFO	h.m.UpdateCenter$CompleteBatchJob#run: Completing installing of plugin batch…
2025-08-25 14:51:23.912+0000 [id=83]	INFO	h.p.b.g.GlobalTimeOutConfiguration#load: global timeout not set
2025-08-25 14:51:24.628+0000 [id=83]	INFO	h.m.DownloadService$Downloadable#load: Obtained the updated data file for hudson.tasks.Ant.AntInstaller
2025-08-25 14:51:25.591+0000 [id=83]	INFO	h.m.DownloadService$Downloadable#load: Obtained the updated data file for hudson.plugins.gradle.GradleInstaller
2025-08-25 14:51:26.145+0000 [id=241]	INFO	jenkins.InitReactorRunner$1#onAttained: Started initialization
2025-08-25 14:51:26.157+0000 [id=242]	INFO	jenkins.InitReactorRunner$1#onAttained: Listed all plugins
2025-08-25 14:51:26.159+0000 [id=242]	INFO	jenkins.InitReactorRunner$1#onAttained: Prepared all plugins
2025-08-25 14:51:26.192+0000 [id=244]	INFO	jenkins.InitReactorRunner$1#onAttained: Started all plugins
2025-08-25 14:51:26.196+0000 [id=244]	INFO	jenkins.InitReactorRunner$1#onAttained: Augmented all extensions
2025-08-25 14:51:26.315+0000 [id=241]	INFO	jenkins.InitReactorRunner$1#onAttained: System config loaded
2025-08-25 14:51:26.316+0000 [id=241]	INFO	jenkins.InitReactorRunner$1#onAttained: System config adapted
2025-08-25 14:51:26.375+0000 [id=242]	INFO	jenkins.InitReactorRunner$1#onAttained: Loaded all jobs
2025-08-25 14:51:26.379+0000 [id=242]	INFO	jenkins.InitReactorRunner$1#onAttained: Configuration for all jobs updated
2025-08-25 14:51:26.649+0000 [id=243]	INFO	jenkins.InitReactorRunner$1#onAttained: Completed initialization
2025-08-25 14:51:26.650+0000 [id=83]	INFO	h.m.UpdateCenter$CompleteBatchJob#run: Completed installation of 87 plugins in 58 sec
